[ { code: 'rule-unsupported-oas',
  message:
   'Update your OAS3 file to a supported version like 3.0.0, 3.0.1, 3.0.2',
  path: [ 'openapi' ],
  severity: 2,
  range:
   { start: { line: 1, character: 13 },
     end: { line: 1, character: 20 } } } ]