[
  {
    "code": "rule-supported-type-string-formats",
    "message": "type: string, format: emails does not equal to one of date,email",
    "path": [
      "components",
      "schemas",
      "Employees",
      "allOf",
      "0",
      "properties",
      "_embedded",
      "properties",
      "employees",
      "items",
      "allOf",
      "1",
      "properties",
      "email",
      "format"
    ],
    "severity": 0,
    "range": {
      "start": {
        "line": 415,
        "character": 28
      },
      "end": {
        "line": 416,
        "character": 69
      }
    }
  },
  {
    "code": "rule-supported-type-string-formats",
    "message": "type: string, format: emails does not equal to one of date,email",
    "path": [
      "components",
      "schemas",
      "Employee",
      "properties",
      "email",
      "format"
    ],
    "severity": 0,
    "range": {
      "start": {
        "line": 457,
        "character": 22
      },
      "end": {
        "line": 457,
        "character": 30
      }
    }
  },
  {
    "code": "rule-supported-type-string-formats",
    "message": "type: string, format: emails does not equal to one of date,email",
    "path": [
      "components",
      "schemas",
      "ExistingEmployee",
      "allOf",
      "1",
      "properties",
      "email",
      "format"
    ],
    "severity": 0,
    "range": {
      "start": {
        "line": 481,
        "character": 10
      },
      "end": {
        "line": 482,
        "character": 51
      }
    }
  },
  {
    "code": "rule-supported-type-string-formats",
    "message": "type: string, format: emails does not equal to one of date,email",
    "path": [
      "components",
      "schemas",
      "EmployeesTemplates",
      "allOf",
      "0",
      "allOf",
      "0",
      "properties",
      "_embedded",
      "properties",
      "employees",
      "items",
      "allOf",
      "1",
      "properties",
      "email",
      "format"
    ],
    "severity": 0,
    "range": {
      "start": {
        "line": 574,
        "character": 10
      },
      "end": {
        "line": 575,
        "character": 52
      }
    }
  },
  {
    "code": "rule-supported-type-string-formats",
    "message": "type: string, format: emails does not equal to one of date,email",
    "path": [
      "components",
      "schemas",
      "EmployeesSchema",
      "allOf",
      "1",
      "properties",
      "email",
      "format"
    ],
    "severity": 0,
    "range": {
      "start": {
        "line": 855,
        "character": 10
      },
      "end": {
        "line": 856,
        "character": 51
      }
    }
  }
]