[
  {
    "code": "rule-deprecated-oas",
    "message": "Migrate your Swagger 2.0 file to a newer OAS3 version",
    "path": [
      "swagger"
    ],
    "severity": 1,
    "range": {
      "start": {
        "line": 1,
        "character": 13
      },
      "end": {
        "line": 1,
        "character": 18
      }
    }
  }
]